======================================================================
Step 5.2C — Strategy 2: Hourly Matching (Same-ISO)
======================================================================
ISOs: ['CAISO', 'ERCOT', 'PJM', 'NYISO', 'NEISO', 'MISO', 'SPP']
Participation levels: ['5%', '10%', '15%', '20%', '25%', '30%', '40%', '50%', '60%', '70%', '80%', '90%', '100%']
Growth levels: ['Low', 'Medium', 'High']
Variants: 2A (all new), 2B (grid baseline), 2C (SSS + tranches)
Scenario: B (accelerated learning curve)


── Nuclear Policy: STABLE ──
  [50/819] 2A ERCOT Low part=80%
  [100/819] 2A PJM Medium part=60%
  [150/819] 2A NYISO High part=40%
  [200/819] 2A MISO Low part=25%
  [250/819] 2A SPP Medium part=15%
  [300/819] 2B CAISO High part=5%
  [350/819] 2B ERCOT High part=90%
  [400/819] 2B NYISO Low part=70%
  [450/819] 2B NEISO Medium part=50%
  [500/819] 2B MISO High part=30%
  [550/819] 2C CAISO Low part=20%
  [600/819] 2C ERCOT Medium part=10%
  [650/819] 2C PJM Medium part=100%
  [700/819] 2C NYISO High part=80%
  [750/819] 2C MISO Low part=60%
  [800/819] 2C SPP Medium part=40%
  Saved /home/user/hourly-cfe-optimizer/data/step5-scenarios/strategy2_hourly.parquet (2.0MB, 21,294 rows)

Computing 8760 dispatch-based hourly match scores...
  Loaded 0 EF storage entries
  Computed 19305 dispatch scores
  Saved /home/user/hourly-cfe-optimizer/data/step5-scenarios/strategy2_hourly.parquet (2.4MB, 21,294 rows)

── Nuclear Policy: ROLLOFF (ZEC/CMC expiration) ──
  [50/819] 2A ERCOT Low part=80%
  [100/819] 2A PJM Medium part=60%
  [150/819] 2A NYISO High part=40%
  [200/819] 2A MISO Low part=25%
  [250/819] 2A SPP Medium part=15%
  [300/819] 2B CAISO High part=5%
  [350/819] 2B ERCOT High part=90%
  [400/819] 2B NYISO Low part=70%
  [450/819] 2B NEISO Medium part=50%
  [500/819] 2B MISO High part=30%
  [550/819] 2C CAISO Low part=20%
  [600/819] 2C ERCOT Medium part=10%
  [650/819] 2C PJM Medium part=100%
  [700/819] 2C NYISO High part=80%
  [750/819] 2C MISO Low part=60%
  [800/819] 2C SPP Medium part=40%
  Saved /home/user/hourly-cfe-optimizer/data/step5-scenarios/strategy2_hourly.parquet (3.0MB, 28,392 rows)

======================================================================
SUMMARY: Strategy 2 at 10% participation, Medium growth
======================================================================

--- STRATEGY2A ---
  CAISO 2030: $97.3/MWh, 2.638 MtCO₂, threshold=50%
  CAISO 2035: $112.8/MWh, 3.841 MtCO₂, threshold=70%
  CAISO 2040: $136.9/MWh, 5.744 MtCO₂, threshold=90%
  CAISO 2050: $168.4/MWh, 9.532 MtCO₂, threshold=100%
  ERCOT 2030: $88.8/MWh, 7.256 MtCO₂, threshold=50%
  ERCOT 2035: $104.7/MWh, 11.449 MtCO₂, threshold=70%
  ERCOT 2040: $130.4/MWh, 17.570 MtCO₂, threshold=90%
  ERCOT 2050: $166.0/MWh, 31.442 MtCO₂, threshold=100%
  PJM 2030: $89.3/MWh, 14.391 MtCO₂, threshold=50%
  PJM 2035: $105.0/MWh, 21.114 MtCO₂, threshold=70%
  PJM 2040: $129.9/MWh, 30.845 MtCO₂, threshold=90%
  PJM 2050: $162.0/MWh, 50.071 MtCO₂, threshold=100%
  NYISO 2030: $133.3/MWh, 1.866 MtCO₂, threshold=50%
  NYISO 2035: $157.8/MWh, 2.678 MtCO₂, threshold=70%
  NYISO 2040: $199.8/MWh, 3.814 MtCO₂, threshold=90%
  NYISO 2050: $258.0/MWh, 5.848 MtCO₂, threshold=100%
  NEISO 2030: $113.4/MWh, 1.239 MtCO₂, threshold=50%
  NEISO 2035: $125.9/MWh, 1.769 MtCO₂, threshold=70%
  NEISO 2040: $144.0/MWh, 2.617 MtCO₂, threshold=90%
  NEISO 2050: $166.9/MWh, 4.226 MtCO₂, threshold=100%
  MISO 2030: $105.5/MWh, 13.237 MtCO₂, threshold=50%
  MISO 2035: $122.8/MWh, 19.133 MtCO₂, threshold=70%
  MISO 2040: $150.9/MWh, 26.902 MtCO₂, threshold=90%
  MISO 2050: $190.8/MWh, 41.064 MtCO₂, threshold=100%
  SPP 2030: $86.8/MWh, 5.112 MtCO₂, threshold=50%
  SPP 2035: $99.0/MWh, 7.537 MtCO₂, threshold=70%
  SPP 2040: $117.3/MWh, 10.429 MtCO₂, threshold=90%
  SPP 2050: $141.6/MWh, 15.380 MtCO₂, threshold=100%

--- STRATEGY2B ---
  CAISO 2030: $11.9/MWh, 0.331 MtCO₂, threshold=50%
  CAISO 2035: $52.2/MWh, 1.800 MtCO₂, threshold=70%
  CAISO 2040: $93.0/MWh, 3.726 MtCO₂, threshold=90%
  CAISO 2050: $145.7/MWh, 8.045 MtCO₂, threshold=100%
  ERCOT 2030: $20.6/MWh, 1.708 MtCO₂, threshold=50%
  ERCOT 2035: $59.7/MWh, 6.837 MtCO₂, threshold=70%
  ERCOT 2040: $100.0/MWh, 13.528 MtCO₂, threshold=90%
  ERCOT 2050: $152.8/MWh, 28.802 MtCO₂, threshold=100%
  PJM 2030: $25.8/MWh, 4.316 MtCO₂, threshold=50%
  PJM 2035: $60.8/MWh, 13.374 MtCO₂, threshold=70%
  PJM 2040: $98.5/MWh, 24.384 MtCO₂, threshold=90%
  PJM 2050: $146.8/MWh, 45.274 MtCO₂, threshold=100%
  NYISO 2030: $40.5/MWh, 0.582 MtCO₂, threshold=50%
  NYISO 2035: $91.5/MWh, 1.693 MtCO₂, threshold=70%
  NYISO 2040: $150.5/MWh, 3.003 MtCO₂, threshold=90%
  NYISO 2050: $232.1/MWh, 5.248 MtCO₂, threshold=100%
  NEISO 2030: $45.2/MWh, 0.556 MtCO₂, threshold=50%
  NEISO 2035: $79.9/MWh, 1.248 MtCO₂, threshold=70%
  NEISO 2040: $113.0/MWh, 2.148 MtCO₂, threshold=90%
  NEISO 2050: $152.1/MWh, 3.832 MtCO₂, threshold=100%
  MISO 2030: $47.5/MWh, 6.008 MtCO₂, threshold=50%
  MISO 2035: $82.7/MWh, 13.753 MtCO₂, threshold=70%
  MISO 2040: $122.5/MWh, 22.576 MtCO₂, threshold=90%
  MISO 2050: $176.8/MWh, 37.953 MtCO₂, threshold=100%
  SPP 2030: $12.7/MWh, 0.768 MtCO₂, threshold=50%
  SPP 2035: $47.0/MWh, 3.902 MtCO₂, threshold=70%
  SPP 2040: $80.4/MWh, 7.631 MtCO₂, threshold=90%
  SPP 2050: $122.7/MWh, 13.257 MtCO₂, threshold=100%

--- STRATEGY2C ---
  CAISO 2030: $2.4/MWh, 0.000 MtCO₂, threshold=50%
  CAISO 2035: $2.7/MWh, 0.000 MtCO₂, threshold=70%
  CAISO 2040: $3.0/MWh, 0.000 MtCO₂, threshold=90%
  CAISO 2050: $138.2/MWh, 7.540 MtCO₂, threshold=100%
  ERCOT 2030: $4.0/MWh, 0.000 MtCO₂, threshold=50%
  ERCOT 2035: $4.0/MWh, 0.000 MtCO₂, threshold=70%
  ERCOT 2040: $4.0/MWh, 0.000 MtCO₂, threshold=90%
  ERCOT 2050: $4.0/MWh, 0.000 MtCO₂, threshold=100%
  PJM 2030: $3.2/MWh, 0.000 MtCO₂, threshold=50%
  PJM 2035: $3.5/MWh, 0.000 MtCO₂, threshold=70%
  PJM 2040: $3.5/MWh, 0.000 MtCO₂, threshold=90%
  PJM 2050: $140.4/MWh, 43.488 MtCO₂, threshold=100%
  NYISO 2030: $27.9/MWh, 0.431 MtCO₂, threshold=50%
  NYISO 2035: $67.0/MWh, 1.305 MtCO₂, threshold=70%
  NYISO 2040: $116.6/MWh, 2.419 MtCO₂, threshold=90%
  NYISO 2050: $194.2/MWh, 4.391 MtCO₂, threshold=100%
  NEISO 2030: $2.3/MWh, 0.000 MtCO₂, threshold=50%
  NEISO 2035: $60.5/MWh, 1.033 MtCO₂, threshold=70%
  NEISO 2040: $101.5/MWh, 1.994 MtCO₂, threshold=90%
  NEISO 2050: $131.2/MWh, 3.300 MtCO₂, threshold=100%
  MISO 2030: $3.7/MWh, 0.000 MtCO₂, threshold=50%
  MISO 2035: $3.8/MWh, 0.000 MtCO₂, threshold=70%
  MISO 2040: $3.7/MWh, 0.000 MtCO₂, threshold=90%
  MISO 2050: $177.1/MWh, 38.114 MtCO₂, threshold=100%
  SPP 2030: $3.9/MWh, 0.000 MtCO₂, threshold=50%
  SPP 2035: $3.9/MWh, 0.000 MtCO₂, threshold=70%
  SPP 2040: $4.0/MWh, 0.000 MtCO₂, threshold=90%
  SPP 2050: $4.0/MWh, 0.000 MtCO₂, threshold=100%

--- STRATEGY2C_ROLLOFF ---
  CAISO 2030: $2.4/MWh, 0.000 MtCO₂, threshold=50%
  CAISO 2035: $2.7/MWh, 0.000 MtCO₂, threshold=70%
  CAISO 2040: $3.0/MWh, 0.000 MtCO₂, threshold=90%
  CAISO 2050: $138.2/MWh, 16.667 MtCO₂, threshold=100%
  ERCOT 2030: $4.0/MWh, 0.000 MtCO₂, threshold=50%
  ERCOT 2035: $4.0/MWh, 0.000 MtCO₂, threshold=70%
  ERCOT 2040: $4.0/MWh, 0.000 MtCO₂, threshold=90%
  ERCOT 2050: $4.0/MWh, 0.000 MtCO₂, threshold=100%
  PJM 2030: $3.8/MWh, 0.000 MtCO₂, threshold=50%
  PJM 2035: $3.8/MWh, 0.000 MtCO₂, threshold=70%
  PJM 2040: $3.6/MWh, 0.000 MtCO₂, threshold=90%
  PJM 2050: $144.0/MWh, 105.168 MtCO₂, threshold=100%
  NYISO 2030: $27.9/MWh, 0.452 MtCO₂, threshold=50%
  NYISO 2035: $67.0/MWh, 1.417 MtCO₂, threshold=70%
  NYISO 2040: $116.6/MWh, 3.135 MtCO₂, threshold=90%
  NYISO 2050: $194.2/MWh, 8.615 MtCO₂, threshold=100%
  NEISO 2030: $2.3/MWh, 0.000 MtCO₂, threshold=50%
  NEISO 2035: $60.5/MWh, 1.227 MtCO₂, threshold=70%
  NEISO 2040: $101.5/MWh, 2.945 MtCO₂, threshold=90%
  NEISO 2050: $131.2/MWh, 6.813 MtCO₂, threshold=100%
  MISO 2030: $3.7/MWh, 0.000 MtCO₂, threshold=50%
  MISO 2035: $3.8/MWh, 0.000 MtCO₂, threshold=70%
  MISO 2040: $3.7/MWh, 0.000 MtCO₂, threshold=90%
  MISO 2050: $177.1/MWh, 95.050 MtCO₂, threshold=100%
  SPP 2030: $3.9/MWh, 0.000 MtCO₂, threshold=50%
  SPP 2035: $3.9/MWh, 0.000 MtCO₂, threshold=70%
  SPP 2040: $4.0/MWh, 0.000 MtCO₂, threshold=90%
  SPP 2050: $4.0/MWh, 0.000 MtCO₂, threshold=100%

Done.
