======================================================================
Step 5.2B — Strategy 1: Consequential Cross-Regional Netting
======================================================================
ISOs: ['CAISO', 'ERCOT', 'PJM', 'NYISO', 'NEISO', 'MISO', 'SPP']
Participation levels: ['5%', '10%', '15%', '20%', '25%', '30%', '40%', '50%', '60%', '70%', '80%', '90%', '100%']
Growth levels: ['Low', 'Medium', 'High']
Variants: 1A (grid-avg), 1B (fossil-avg), 1C (marginal)
Scenario: A (delayed learning curve)

  Loaded consequential queue: 108 raw → 106 valid steps (within-ISO monotonic)
  [10/117] 1A Low part=70%
  [20/117] 1A Medium part=40%
  [30/117] 1A High part=20%
  [40/117] 1B Low part=5%
  [50/117] 1B Low part=80%
  [60/117] 1B Medium part=50%
  [70/117] 1B High part=25%
  [80/117] 1C Low part=10%
  [90/117] 1C Low part=90%
  [100/117] 1C Medium part=60%
  [110/117] 1C High part=30%
  Saved /home/user/hourly-cfe-optimizer/data/step5-scenarios/strategy1_consequential.parquet (1.4MB, 21,294 rows)

======================================================================
SUMMARY: Strategy 1 at 10% participation, Medium growth
======================================================================

--- STRATEGY1A ---
  CAISO 2030: $52.6/MWh, 1.602 MtCO₂, threshold=50%
  CAISO 2035: $52.6/MWh, 2.465 MtCO₂, threshold=70%
  CAISO 2040: $52.6/MWh, 3.482 MtCO₂, threshold=90%
  CAISO 2050: $52.6/MWh, 4.665 MtCO₂, threshold=100%
  ERCOT 2030: $52.6/MWh, 6.648 MtCO₂, threshold=50%
  ERCOT 2035: $52.6/MWh, 11.054 MtCO₂, threshold=70%
  ERCOT 2040: $52.6/MWh, 16.880 MtCO₂, threshold=90%
  ERCOT 2050: $52.6/MWh, 26.430 MtCO₂, threshold=100%
  PJM 2030: $52.6/MWh, 10.891 MtCO₂, threshold=50%
  PJM 2035: $52.6/MWh, 17.167 MtCO₂, threshold=70%
  PJM 2040: $52.6/MWh, 24.850 MtCO₂, threshold=90%
  PJM 2050: $52.6/MWh, 34.967 MtCO₂, threshold=100%
  NYISO 2030: $52.6/MWh, 1.090 MtCO₂, threshold=50%
  NYISO 2035: $52.6/MWh, 1.684 MtCO₂, threshold=70%
  NYISO 2040: $52.6/MWh, 2.391 MtCO₂, threshold=90%
  NYISO 2050: $52.6/MWh, 3.235 MtCO₂, threshold=100%
  NEISO 2030: $52.6/MWh, 0.899 MtCO₂, threshold=50%
  NEISO 2035: $52.6/MWh, 1.376 MtCO₂, threshold=70%
  NEISO 2040: $52.6/MWh, 1.934 MtCO₂, threshold=90%
  NEISO 2050: $52.6/MWh, 2.567 MtCO₂, threshold=100%
  MISO 2030: $52.6/MWh, 9.865 MtCO₂, threshold=50%
  MISO 2035: $52.6/MWh, 15.399 MtCO₂, threshold=70%
  MISO 2040: $52.6/MWh, 22.074 MtCO₂, threshold=90%
  MISO 2050: $52.6/MWh, 30.459 MtCO₂, threshold=100%
  SPP 2030: $52.6/MWh, 4.065 MtCO₂, threshold=50%
  SPP 2035: $52.6/MWh, 6.221 MtCO₂, threshold=70%
  SPP 2040: $52.6/MWh, 8.745 MtCO₂, threshold=90%
  SPP 2050: $52.6/MWh, 11.603 MtCO₂, threshold=100%

--- STRATEGY1B ---
  CAISO 2030: $52.6/MWh, 3.281 MtCO₂, threshold=50%
  CAISO 2035: $52.6/MWh, 5.047 MtCO₂, threshold=70%
  CAISO 2040: $52.6/MWh, 7.129 MtCO₂, threshold=90%
  CAISO 2050: $52.6/MWh, 9.552 MtCO₂, threshold=100%
  ERCOT 2030: $52.6/MWh, 7.906 MtCO₂, threshold=50%
  ERCOT 2035: $52.6/MWh, 13.146 MtCO₂, threshold=70%
  ERCOT 2040: $52.6/MWh, 20.074 MtCO₂, threshold=90%
  ERCOT 2050: $52.6/MWh, 31.431 MtCO₂, threshold=100%
  PJM 2030: $52.6/MWh, 15.600 MtCO₂, threshold=50%
  PJM 2035: $52.6/MWh, 24.590 MtCO₂, threshold=70%
  PJM 2040: $52.6/MWh, 35.596 MtCO₂, threshold=90%
  PJM 2050: $72.3/MWh, 50.088 MtCO₂, threshold=100%
  NYISO 2030: $52.6/MWh, 1.972 MtCO₂, threshold=50%
  NYISO 2035: $52.6/MWh, 3.048 MtCO₂, threshold=70%
  NYISO 2040: $52.6/MWh, 4.326 MtCO₂, threshold=90%
  NYISO 2050: $52.6/MWh, 5.854 MtCO₂, threshold=100%
  NEISO 2030: $52.6/MWh, 1.485 MtCO₂, threshold=50%
  NEISO 2035: $52.6/MWh, 2.274 MtCO₂, threshold=70%
  NEISO 2040: $52.6/MWh, 3.196 MtCO₂, threshold=90%
  NEISO 2050: $52.6/MWh, 4.240 MtCO₂, threshold=100%
  MISO 2030: $52.6/MWh, 13.306 MtCO₂, threshold=50%
  MISO 2035: $52.6/MWh, 20.770 MtCO₂, threshold=70%
  MISO 2040: $52.6/MWh, 29.774 MtCO₂, threshold=90%
  MISO 2050: $52.6/MWh, 41.084 MtCO₂, threshold=100%
  SPP 2030: $52.6/MWh, 5.386 MtCO₂, threshold=50%
  SPP 2035: $52.6/MWh, 8.243 MtCO₂, threshold=70%
  SPP 2040: $52.6/MWh, 11.587 MtCO₂, threshold=90%
  SPP 2050: $52.6/MWh, 15.374 MtCO₂, threshold=100%

--- STRATEGY1C ---
  CAISO 2030: $52.6/MWh, 3.357 MtCO₂, threshold=50%
  CAISO 2035: $52.6/MWh, 5.164 MtCO₂, threshold=70%
  CAISO 2040: $52.6/MWh, 7.295 MtCO₂, threshold=90%
  CAISO 2050: $52.6/MWh, 9.774 MtCO₂, threshold=100%
  ERCOT 2030: $52.6/MWh, 8.086 MtCO₂, threshold=50%
  ERCOT 2035: $52.6/MWh, 13.444 MtCO₂, threshold=70%
  ERCOT 2040: $52.6/MWh, 20.530 MtCO₂, threshold=90%
  ERCOT 2050: $52.6/MWh, 32.145 MtCO₂, threshold=100%
  PJM 2030: $52.6/MWh, 15.895 MtCO₂, threshold=50%
  PJM 2035: $52.6/MWh, 25.054 MtCO₂, threshold=70%
  PJM 2040: $52.6/MWh, 36.268 MtCO₂, threshold=90%
  PJM 2050: $81.3/MWh, 51.033 MtCO₂, threshold=100%
  NYISO 2030: $52.6/MWh, 2.024 MtCO₂, threshold=50%
  NYISO 2035: $52.6/MWh, 3.128 MtCO₂, threshold=70%
  NYISO 2040: $52.6/MWh, 4.440 MtCO₂, threshold=90%
  NYISO 2050: $52.6/MWh, 6.008 MtCO₂, threshold=100%
  NEISO 2030: $52.6/MWh, 1.524 MtCO₂, threshold=50%
  NEISO 2035: $52.6/MWh, 2.333 MtCO₂, threshold=70%
  NEISO 2040: $52.6/MWh, 3.280 MtCO₂, threshold=90%
  NEISO 2050: $52.6/MWh, 4.352 MtCO₂, threshold=100%
  MISO 2030: $52.6/MWh, 15.601 MtCO₂, threshold=50%
  MISO 2035: $52.6/MWh, 24.352 MtCO₂, threshold=70%
  MISO 2040: $52.6/MWh, 34.908 MtCO₂, threshold=90%
  MISO 2050: $52.6/MWh, 48.168 MtCO₂, threshold=100%
  SPP 2030: $52.6/MWh, 6.605 MtCO₂, threshold=50%
  SPP 2035: $52.6/MWh, 10.110 MtCO₂, threshold=70%
  SPP 2040: $52.6/MWh, 14.211 MtCO₂, threshold=90%
  SPP 2050: $52.6/MWh, 18.855 MtCO₂, threshold=100%

Done.
